[INFO] Scanning for projects...
[INFO] 
[INFO] -------------------------< sn.oas:facturation >-------------------------
[INFO] Building  0.0.1-SNAPSHOT
[INFO]   from pom.xml
[INFO] --------------------------------[ jar ]---------------------------------
[INFO] 
[INFO] --- resources:3.3.1:resources (default-resources) @ facturation ---
[INFO] Copying 3 resources from src/main/resources to target/classes
[INFO] Copying 1 resource from src/main/resources to target/classes
[INFO] 
[INFO] --- compiler:3.14.1:compile (default-compile) @ facturation ---
[INFO] Nothing to compile - all classes are up to date.
[INFO] 
[INFO] --- resources:3.3.1:testResources (default-testResources) @ facturation ---
[INFO] Copying 1 resource from src/test/resources to target/test-classes
[INFO] 
[INFO] --- compiler:3.14.1:testCompile (default-testCompile) @ facturation ---
[INFO] Nothing to compile - all classes are up to date.
[INFO] 
[INFO] --- surefire:3.5.5:test (default-test) @ facturation ---
[INFO] Using auto detected provider org.apache.maven.surefire.junitplatform.JUnitPlatformProvider
[INFO] 
[INFO] -------------------------------------------------------
[INFO]  T E S T S
[INFO] -------------------------------------------------------
[INFO] Running sn.oas.facturation.FacturationApplicationTests
04:04:14.371 [main] INFO org.springframework.test.context.support.AnnotationConfigContextLoaderUtils -- Could not detect default configuration classes for test class [sn.oas.facturation.FacturationApplicationTests]: FacturationApplicationTests does not declare any static, non-private, non-final, nested classes annotated with @Configuration.
04:04:14.468 [main] INFO org.springframework.boot.test.context.SpringBootTestContextBootstrapper -- Found @SpringBootConfiguration sn.oas.facturation.FacturationApplication for test class sn.oas.facturation.FacturationApplicationTests
04:04:14.521 [main] INFO org.springframework.test.context.support.AnnotationConfigContextLoaderUtils -- Could not detect default configuration classes for test class [sn.oas.facturation.FacturationApplicationTests]: FacturationApplicationTests does not declare any static, non-private, non-final, nested classes annotated with @Configuration.
04:04:14.522 [main] INFO org.springframework.boot.test.context.SpringBootTestContextBootstrapper -- Found @SpringBootConfiguration sn.oas.facturation.FacturationApplication for test class sn.oas.facturation.FacturationApplicationTests

  .   ____          _            __ _ _
 /\\ / ___'_ __ _ _(_)_ __  __ _ \ \ \ \
( ( )\___ | '_ | '_| | '_ \/ _` | \ \ \ \
 \\/  ___)| |_)| | | | | || (_| |  ) ) ) )
  '  |____| .__|_| |_|_| |_\__, | / / / /
 =========|_|==============|___/=/_/_/_/

 :: Spring Boot ::                (v4.0.6)

2026-10-02T04:04:14.766Z  INFO 1419190 --- [facturation] [           main] s.o.f.FacturationApplicationTests        : Starting FacturationApplicationTests using Java 21.0.12.1 with PID 1419190 (started by ashlka in /home/ashlka/Projet/oas/oas-back)
2026-10-02T04:04:14.767Z  INFO 1419190 --- [facturation] [           main] s.o.f.FacturationApplicationTests        : The following 1 profile is active: "dev"
2026-10-02T04:04:15.791Z  INFO 1419190 --- [facturation] [           main] .s.d.r.c.RepositoryConfigurationDelegate : Multiple Spring Data modules found, entering strict repository configuration mode
2026-10-02T04:04:15.792Z  INFO 1419190 --- [facturation] [           main] .s.d.r.c.RepositoryConfigurationDelegate : Bootstrapping Spring Data JPA repositories in DEFAULT mode.
2026-10-02T04:04:15.979Z  INFO 1419190 --- [facturation] [           main] .s.d.r.c.RepositoryConfigurationDelegate : Finished Spring Data repository scanning in 181 ms. Found 42 JPA repository interfaces.
2026-10-02T04:04:15.995Z  INFO 1419190 --- [facturation] [           main] .s.d.r.c.RepositoryConfigurationDelegate : Multiple Spring Data modules found, entering strict repository configuration mode
2026-10-02T04:04:15.997Z  INFO 1419190 --- [facturation] [           main] .s.d.r.c.RepositoryConfigurationDelegate : Bootstrapping Spring Data Redis repositories in DEFAULT mode.
2026-10-02T04:04:16.015Z  INFO 1419190 --- [facturation] [           main] .RepositoryConfigurationExtensionSupport : Spring Data Redis - Could not safely identify store assignment for repository candidate interface sn.oas.facturation.features.avoirHT.repository.AvoirHTRepository; If you want this repository to be a Redis repository, consider annotating your entities with one of these annotations: org.springframework.data.redis.core.RedisHash (preferred), or consider extending one of the following types with your repository: org.springframework.data.keyvalue.repository.KeyValueRepository
2026-10-02T04:04:16.016Z  INFO 1419190 --- [facturation] [           main] .RepositoryConfigurationExtensionSupport : Spring Data Redis - Could not safely identify store assignment for repository candidate interface sn.oas.facturation.features.avoirTTC.repository.AvoirTTCRepository; If you want this repository to be a Redis repository, consider annotating your entities with one of these annotations: org.springframework.data.redis.core.RedisHash (preferred), or consider extending one of the following types with your repository: org.springframework.data.keyvalue.repository.KeyValueRepository
2026-10-02T04:04:16.016Z  INFO 1419190 --- [facturation] [           main] .RepositoryConfigurationExtensionSupport : Spring Data Redis - Could not safely identify store assignment for repository candidate interface sn.oas.facturation.features.blog.repository.BlogCommentRepository; If you want this repository to be a Redis repository, consider annotating your entities with one of these annotations: org.springframework.data.redis.core.RedisHash (preferred), or consider extending one of the following types with your repository: org.springframework.data.keyvalue.repository.KeyValueRepository
2026-10-02T04:04:16.016Z  INFO 1419190 --- [facturation] [           main] .RepositoryConfigurationExtensionSupport : Spring Data Redis - Could not safely identify store assignment for repository candidate interface sn.oas.facturation.features.blog.repository.BlogPostRepository; If you want this repository to be a Redis repository, consider annotating your entities with one of these annotations: org.springframework.data.redis.core.RedisHash (preferred), or consider extending one of the following types with your repository: org.springframework.data.keyvalue.repository.KeyValueRepository
2026-10-02T04:04:16.016Z  INFO 1419190 --- [facturation] [           main] .RepositoryConfigurationExtensionSupport : Spring Data Redis - Could not safely identify store assignment for repository candidate interface sn.oas.facturation.features.bonDeCommande.repository.BonDeCommandeRepository; If you want this repository to be a Redis repository, consider annotating your entities with one of these annotations: org.springframework.data.redis.core.RedisHash (preferred), or consider extending one of the following types with your repository: org.springframework.data.keyvalue.repository.KeyValueRepository
2026-10-02T04:04:16.017Z  INFO 1419190 --- [facturation] [           main] .RepositoryConfigurationExtensionSupport : Spring Data Redis - Could not safely identify store assignment for repository candidate interface sn.oas.facturation.features.bonDeReception.repository.BonDeReceptionRepository; If you want this repository to be a Redis repository, consider annotating your entities with one of these annotations: org.springframework.data.redis.core.RedisHash (preferred), or consider extending one of the following types with your repository: org.springframework.data.keyvalue.repository.KeyValueRepository
2026-10-02T04:04:16.017Z  INFO 1419190 --- [facturation] [           main] .RepositoryConfigurationExtensionSupport : Spring Data Redis - Could not safely identify store assignment for repository candidate interface sn.oas.facturation.features.bonDeSortie.repository.BonDeSortieHistoriqueRepository; If you want this repository to be a Redis repository, consider annotating your entities with one of these annotations: org.springframework.data.redis.core.RedisHash (preferred), or consider extending one of the following types with your repository: org.springframework.data.keyvalue.repository.KeyValueRepository
2026-10-02T04:04:16.017Z  INFO 1419190 --- [facturation] [           main] .RepositoryConfigurationExtensionSupport : Spring Data Redis - Could not safely identify store assignment for repository candidate interface sn.oas.facturation.features.bonDeSortie.repository.BonDeSortieRepository; If you want this repository to be a Redis repository, consider annotating your entities with one of these annotations: org.springframework.data.redis.core.RedisHash (preferred), or consider extending one of the following types with your repository: org.springframework.data.keyvalue.repository.KeyValueRepository
2026-10-02T04:04:16.017Z  INFO 1419190 --- [facturation] [           main] .RepositoryConfigurationExtensionSupport : Spring Data Redis - Could not safely identify store assignment for repository candidate interface sn.oas.facturation.features.categorie_pieces.repository.CategorieRepository; If you want this repository to be a Redis repository, consider annotating your entities with one of these annotations: org.springframework.data.redis.core.RedisHash (preferred), or consider extending one of the following types with your repository: org.springframework.data.keyvalue.repository.KeyValueRepository
2026-10-02T04:04:16.018Z  INFO 1419190 --- [facturation] [           main] .RepositoryConfigurationExtensionSupport : Spring Data Redis - Could not safely identify store assignment for repository candidate interface sn.oas.facturation.features.client.repository.ClientRepository; If you want this repository to be a Redis repository, consider annotating your entities with one of these annotations: org.springframework.data.redis.core.RedisHash (preferred), or consider extending one of the following types with your repository: org.springframework.data.keyvalue.repository.KeyValueRepository
2026-10-02T04:04:16.019Z  INFO 1419190 --- [facturation] [           main] .RepositoryConfigurationExtensionSupport : Spring Data Redis - Could not safely identify store assignment for repository candidate interface sn.oas.facturation.features.connectionHistory.repository.ConnectionHistoryRepository; If you want this repository to be a Redis repository, consider annotating your entities with one of these annotations: org.springframework.data.redis.core.RedisHash (preferred), or consider extending one of the following types with your repository: org.springframework.data.keyvalue.repository.KeyValueRepository
2026-10-02T04:04:16.019Z  INFO 1419190 --- [facturation] [           main] .RepositoryConfigurationExtensionSupport : Spring Data Redis - Could not safely identify store assignment for repository candidate interface sn.oas.facturation.features.depot_pieces.repository.DepotRepository; If you want this repository to be a Redis repository, consider annotating your entities with one of these annotations: org.springframework.data.redis.core.RedisHash (preferred), or consider extending one of the following types with your repository: org.springframework.data.keyvalue.repository.KeyValueRepository
2026-10-02T04:04:16.019Z  INFO 1419190 --- [facturation] [           main] .RepositoryConfigurationExtensionSupport : Spring Data Redis - Could not safely identify store assignment for repository candidate interface sn.oas.facturation.features.devisPrevisionnel.repository.DevisPrevisionnelRepository; If you want this repository to be a Redis repository, consider annotating your entities with one of these annotations: org.springframework.data.redis.core.RedisHash (preferred), or consider extending one of the following types with your repository: org.springframework.data.keyvalue.repository.KeyValueRepository
2026-10-02T04:04:16.020Z  INFO 1419190 --- [facturation] [           main] .RepositoryConfigurationExtensionSupport : Spring Data Redis - Could not safely identify store assignment for repository candidate interface sn.oas.facturation.features.diagnostic.repository.DiagnosticRepository; If you want this repository to be a Redis repository, consider annotating your entities with one of these annotations: org.springframework.data.redis.core.RedisHash (preferred), or consider extending one of the following types with your repository: org.springframework.data.keyvalue.repository.KeyValueRepository
2026-10-02T04:04:16.020Z  INFO 1419190 --- [facturation] [           main] .RepositoryConfigurationExtensionSupport : Spring Data Redis - Could not safely identify store assignment for repository candidate interface sn.oas.facturation.features.diagnostic.repository.PieceJointeDiagnosticRepository; If you want this repository to be a Redis repository, consider annotating your entities with one of these annotations: org.springframework.data.redis.core.RedisHash (preferred), or consider extending one of the following types with your repository: org.springframework.data.keyvalue.repository.KeyValueRepository
2026-10-02T04:04:16.020Z  INFO 1419190 --- [facturation] [           main] .RepositoryConfigurationExtensionSupport : Spring Data Redis - Could not safely identify store assignment for repository candidate interface sn.oas.facturation.features.diagnostic.repository.RemarqueDiagnosticRepository; If you want this repository to be a Redis repository, consider annotating your entities with one of these annotations: org.springframework.data.redis.core.RedisHash (preferred), or consider extending one of the following types with your repository: org.springframework.data.keyvalue.repository.KeyValueRepository
2026-10-02T04:04:16.020Z  INFO 1419190 --- [facturation] [           main] .RepositoryConfigurationExtensionSupport : Spring Data Redis - Could not safely identify store assignment for repository candidate interface sn.oas.facturation.features.facture.repository.FactureRepository; If you want this repository to be a Redis repository, consider annotating your entities with one of these annotations: org.springframework.data.redis.core.RedisHash (preferred), or consider extending one of the following types with your repository: org.springframework.data.keyvalue.repository.KeyValueRepository
2026-10-02T04:04:16.021Z  INFO 1419190 --- [facturation] [           main] .RepositoryConfigurationExtensionSupport : Spring Data Redis - Could not safely identify store assignment for repository candidate interface sn.oas.facturation.features.ficheAtelier.repository.FicheAtelierRepository; If you want this repository to be a Redis repository, consider annotating your entities with one of these annotations: org.springframework.data.redis.core.RedisHash (preferred), or consider extending one of the following types with your repository: org.springframework.data.keyvalue.repository.KeyValueRepository
2026-10-02T04:04:16.021Z  INFO 1419190 --- [facturation] [           main] .RepositoryConfigurationExtensionSupport : Spring Data Redis - Could not safely identify store assignment for repository candidate interface sn.oas.facturation.features.ficheAtelierConfig.repository.FicheAtelierConfigRepository; If you want this repository to be a Redis repository, consider annotating your entities with one of these annotations: org.springframework.data.redis.core.RedisHash (preferred), or consider extending one of the following types with your repository: org.springframework.data.keyvalue.repository.KeyValueRepository
2026-10-02T04:04:16.021Z  INFO 1419190 --- [facturation] [           main] .RepositoryConfigurationExtensionSupport : Spring Data Redis - Could not safely identify store assignment for repository candidate interface sn.oas.facturation.features.fournisseur.repository.FournisseurRepository; If you want this repository to be a Redis repository, consider annotating your entities with one of these annotations: org.springframework.data.redis.core.RedisHash (preferred), or consider extending one of the following types with your repository: org.springframework.data.keyvalue.repository.KeyValueRepository
2026-10-02T04:04:16.021Z  INFO 1419190 --- [facturation] [           main] .RepositoryConfigurationExtensionSupport : Spring Data Redis - Could not safely identify store assignment for repository candidate interface sn.oas.facturation.features.garage.repository.GarageRepository; If you want this repository to be a Redis repository, consider annotating your entities with one of these annotations: org.springframework.data.redis.core.RedisHash (preferred), or consider extending one of the following types with your repository: org.springframework.data.keyvalue.repository.KeyValueRepository
2026-10-02T04:04:16.021Z  INFO 1419190 --- [facturation] [           main] .RepositoryConfigurationExtensionSupport : Spring Data Redis - Could not safely identify store assignment for repository candidate interface sn.oas.facturation.features.main_doeuvre.repository.CategorieMainDoeuvreRepository; If you want this repository to be a Redis repository, consider annotating your entities with one of these annotations: org.springframework.data.redis.core.RedisHash (preferred), or consider extending one of the following types with your repository: org.springframework.data.keyvalue.repository.KeyValueRepository
2026-10-02T04:04:16.022Z  INFO 1419190 --- [facturation] [           main] .RepositoryConfigurationExtensionSupport : Spring Data Redis - Could not safely identify store assignment for repository candidate interface sn.oas.facturation.features.main_doeuvre.repository.MainDoeuvreRepository; If you want this repository to be a Redis repository, consider annotating your entities with one of these annotations: org.springframework.data.redis.core.RedisHash (preferred), or consider extending one of the following types with your repository: org.springframework.data.keyvalue.repository.KeyValueRepository
2026-10-02T04:04:16.022Z  INFO 1419190 --- [facturation] [           main] .RepositoryConfigurationExtensionSupport : Spring Data Redis - Could not safely identify store assignment for repository candidate interface sn.oas.facturation.features.marketplace.repository.DemandeProduitRepository; If you want this repository to be a Redis repository, consider annotating your entities with one of these annotations: org.springframework.data.redis.core.RedisHash (preferred), or consider extending one of the following types with your repository: org.springframework.data.keyvalue.repository.KeyValueRepository
2026-10-02T04:04:16.022Z  INFO 1419190 --- [facturation] [           main] .RepositoryConfigurationExtensionSupport : Spring Data Redis - Could not safely identify store assignment for repository candidate interface sn.oas.facturation.features.marketplace.repository.ProduitRepository; If you want this repository to be a Redis repository, consider annotating your entities with one of these annotations: org.springframework.data.redis.core.RedisHash (preferred), or consider extending one of the following types with your repository: org.springframework.data.keyvalue.repository.KeyValueRepository
2026-10-02T04:04:16.022Z  INFO 1419190 --- [facturation] [           main] .RepositoryConfigurationExtensionSupport : Spring Data Redis - Could not safely identify store assignment for repository candidate interface sn.oas.facturation.features.messagerie.repository.MessageRepository; If you want this repository to be a Redis repository, consider annotating your entities with one of these annotations: org.springframework.data.redis.core.RedisHash (preferred), or consider extending one of the following types with your repository: org.springframework.data.keyvalue.repository.KeyValueRepository
2026-10-02T04:04:16.023Z  INFO 1419190 --- [facturation] [           main] .RepositoryConfigurationExtensionSupport : Spring Data Redis - Could not safely identify store assignment for repository candidate interface sn.oas.facturation.features.noteDePrix.repository.NoteDePrixRepository; If you want this repository to be a Redis repository, consider annotating your entities with one of these annotations: org.springframework.data.redis.core.RedisHash (preferred), or consider extending one of the following types with your repository: org.springframework.data.keyvalue.repository.KeyValueRepository
2026-10-02T04:04:16.023Z  INFO 1419190 --- [facturation] [           main] .RepositoryConfigurationExtensionSupport : Spring Data Redis - Could not safely identify store assignment for repository candidate interface sn.oas.facturation.features.notification.repository.AgentNotificationRepository; If you want this repository to be a Redis repository, consider annotating your entities with one of these annotations: org.springframework.data.redis.core.RedisHash (preferred), or consider extending one of the following types with your repository: org.springframework.data.keyvalue.repository.KeyValueRepository
2026-10-02T04:04:16.023Z  INFO 1419190 --- [facturation] [           main] .RepositoryConfigurationExtensionSupport : Spring Data Redis - Could not safely identify store assignment for repository candidate interface sn.oas.facturation.features.notification.repository.NotificationRepository; If you want this repository to be a Redis repository, consider annotating your entities with one of these annotations: org.springframework.data.redis.core.RedisHash (preferred), or consider extending one of the following types with your repository: org.springframework.data.keyvalue.repository.KeyValueRepository
2026-10-02T04:04:16.023Z  INFO 1419190 --- [facturation] [           main] .RepositoryConfigurationExtensionSupport : Spring Data Redis - Could not safely identify store assignment for repository candidate interface sn.oas.facturation.features.ordreReparation.repository.OrdreReparationRepository; If you want this repository to be a Redis repository, consider annotating your entities with one of these annotations: org.springframework.data.redis.core.RedisHash (preferred), or consider extending one of the following types with your repository: org.springframework.data.keyvalue.repository.KeyValueRepository
2026-10-02T04:04:16.023Z  INFO 1419190 --- [facturation] [           main] .RepositoryConfigurationExtensionSupport : Spring Data Redis - Could not safely identify store assignment for repository candidate interface sn.oas.facturation.features.partenaire.repository.PartenaireRepository; If you want this repository to be a Redis repository, consider annotating your entities with one of these annotations: org.springframework.data.redis.core.RedisHash (preferred), or consider extending one of the following types with your repository: org.springframework.data.keyvalue.repository.KeyValueRepository
2026-10-02T04:04:16.025Z  INFO 1419190 --- [facturation] [           main] .RepositoryConfigurationExtensionSupport : Spring Data Redis - Could not safely identify store assignment for repository candidate interface sn.oas.facturation.features.piecedetache.repository.PDPRepository; If you want this repository to be a Redis repository, consider annotating your entities with one of these annotations: org.springframework.data.redis.core.RedisHash (preferred), or consider extending one of the following types with your repository: org.springframework.data.keyvalue.repository.KeyValueRepository
2026-10-02T04:04:16.025Z  INFO 1419190 --- [facturation] [           main] .RepositoryConfigurationExtensionSupport : Spring Data Redis - Could not safely identify store assignment for repository candidate interface sn.oas.facturation.features.piecedetache.repository.PieceDetacheRepository; If you want this repository to be a Redis repository, consider annotating your entities with one of these annotations: org.springframework.data.redis.core.RedisHash (preferred), or consider extending one of the following types with your repository: org.springframework.data.keyvalue.repository.KeyValueRepository
2026-10-02T04:04:16.025Z  INFO 1419190 --- [facturation] [           main] .RepositoryConfigurationExtensionSupport : Spring Data Redis - Could not safely identify store assignment for repository candidate interface sn.oas.facturation.features.piecedetache.repository.PieceMouvementRepository; If you want this repository to be a Redis repository, consider annotating your entities with one of these annotations: org.springframework.data.redis.core.RedisHash (preferred), or consider extending one of the following types with your repository: org.springframework.data.keyvalue.repository.KeyValueRepository
2026-10-02T04:04:16.025Z  INFO 1419190 --- [facturation] [           main] .RepositoryConfigurationExtensionSupport : Spring Data Redis - Could not safely identify store assignment for repository candidate interface sn.oas.facturation.features.proforma.repository.ProformaRepository; If you want this repository to be a Redis repository, consider annotating your entities with one of these annotations: org.springframework.data.redis.core.RedisHash (preferred), or consider extending one of the following types with your repository: org.springframework.data.keyvalue.repository.KeyValueRepository
2026-10-02T04:04:16.026Z  INFO 1419190 --- [facturation] [           main] .RepositoryConfigurationExtensionSupport : Spring Data Redis - Could not safely identify store assignment for repository candidate interface sn.oas.facturation.features.recu.repository.RecuRepository; If you want this repository to be a Redis repository, consider annotating your entities with one of these annotations: org.springframework.data.redis.core.RedisHash (preferred), or consider extending one of the following types with your repository: org.springframework.data.keyvalue.repository.KeyValueRepository
2026-10-02T04:04:16.026Z  INFO 1419190 --- [facturation] [           main] .RepositoryConfigurationExtensionSupport : Spring Data Redis - Could not safely identify store assignment for repository candidate interface sn.oas.facturation.features.rendezvous.repository.RendezVousRepository; If you want this repository to be a Redis repository, consider annotating your entities with one of these annotations: org.springframework.data.redis.core.RedisHash (preferred), or consider extending one of the following types with your repository: org.springframework.data.keyvalue.repository.KeyValueRepository
2026-10-02T04:04:16.026Z  INFO 1419190 --- [facturation] [           main] .RepositoryConfigurationExtensionSupport : Spring Data Redis - Could not safely identify store assignment for repository candidate interface sn.oas.facturation.features.technicien.repository.TechnicienRepository; If you want this repository to be a Redis repository, consider annotating your entities with one of these annotations: org.springframework.data.redis.core.RedisHash (preferred), or consider extending one of the following types with your repository: org.springframework.data.keyvalue.repository.KeyValueRepository
2026-10-02T04:04:16.026Z  INFO 1419190 --- [facturation] [           main] .RepositoryConfigurationExtensionSupport : Spring Data Redis - Could not safely identify store assignment for repository candidate interface sn.oas.facturation.features.user.repository.AgentRepository; If you want this repository to be a Redis repository, consider annotating your entities with one of these annotations: org.springframework.data.redis.core.RedisHash (preferred), or consider extending one of the following types with your repository: org.springframework.data.keyvalue.repository.KeyValueRepository
2026-10-02T04:04:16.026Z  INFO 1419190 --- [facturation] [           main] .RepositoryConfigurationExtensionSupport : Spring Data Redis - Could not safely identify store assignment for repository candidate interface sn.oas.facturation.features.user.repository.UserRepository; If you want this repository to be a Redis repository, consider annotating your entities with one of these annotations: org.springframework.data.redis.core.RedisHash (preferred), or consider extending one of the following types with your repository: org.springframework.data.keyvalue.repository.KeyValueRepository
2026-10-02T04:04:16.027Z  INFO 1419190 --- [facturation] [           main] .RepositoryConfigurationExtensionSupport : Spring Data Redis - Could not safely identify store assignment for repository candidate interface sn.oas.facturation.features.vehicule.repository.VehiculeRepository; If you want this repository to be a Redis repository, consider annotating your entities with one of these annotations: org.springframework.data.redis.core.RedisHash (preferred), or consider extending one of the following types with your repository: org.springframework.data.keyvalue.repository.KeyValueRepository
2026-10-02T04:04:16.027Z  INFO 1419190 --- [facturation] [           main] .RepositoryConfigurationExtensionSupport : Spring Data Redis - Could not safely identify store assignment for repository candidate interface sn.oas.facturation.shared.documentNumber.DocumentSequenceRepository; If you want this repository to be a Redis repository, consider annotating your entities with one of these annotations: org.springframework.data.redis.core.RedisHash (preferred), or consider extending one of the following types with your repository: org.springframework.data.keyvalue.repository.KeyValueRepository
2026-10-02T04:04:16.027Z  INFO 1419190 --- [facturation] [           main] .s.d.r.c.RepositoryConfigurationDelegate : Finished Spring Data repository scanning in 25 ms. Found 0 Redis repository interfaces.
2026-10-02T04:04:16.615Z  INFO 1419190 --- [facturation] [           main] org.hibernate.orm.jpa                    : HHH008540: Processing PersistenceUnitInfo [name: default]
2026-10-02T04:04:16.646Z  INFO 1419190 --- [facturation] [           main] org.hibernate.orm.core                   : HHH000001: Hibernate ORM core version 7.2.12.Final
2026-10-02T04:04:16.879Z  INFO 1419190 --- [facturation] [           main] o.s.o.j.p.SpringPersistenceUnitInfo      : No LoadTimeWeaver setup: ignoring JPA class transformer
2026-10-02T04:04:16.899Z  INFO 1419190 --- [facturation] [           main] com.zaxxer.hikari.HikariDataSource       : HikariPool-1 - Starting...
2026-10-02T04:04:17.210Z  INFO 1419190 --- [facturation] [           main] com.zaxxer.hikari.pool.HikariPool        : HikariPool-1 - Added connection org.postgresql.jdbc.PgConnection@5e445ffe
2026-10-02T04:04:17.211Z  INFO 1419190 --- [facturation] [           main] com.zaxxer.hikari.HikariDataSource       : HikariPool-1 - Start completed.
2026-10-02T04:04:17.243Z  WARN 1419190 --- [facturation] [           main] org.hibernate.orm.deprecation            : HHH90000025: PostgreSQLDialect does not need to be specified explicitly using 'hibernate.dialect' (remove the property setting and it will be selected by default)
2026-10-02T04:04:17.258Z  INFO 1419190 --- [facturation] [           main] org.hibernate.orm.connections.pooling    : HHH10001005: Database info:
	Database JDBC URL [jdbc:postgresql://localhost:5432/facturation]
	Database driver: PostgreSQL JDBC Driver
	Database dialect: PostgreSQLDialect
	Database version: 18.6
	Default catalog/schema: facturation/public
	Autocommit mode: undefined/unknown
	Isolation level: READ_COMMITTED [default READ_COMMITTED]
	JDBC fetch size: none
	Pool: DataSourceConnectionProvider
	Minimum pool size: undefined/unknown
	Maximum pool size: undefined/unknown
2026-10-02T04:04:18.844Z  INFO 1419190 --- [facturation] [           main] org.hibernate.orm.core                   : HHH000489: No JTA platform available (set 'hibernate.transaction.jta.platform' to enable JTA platform integration)
2026-10-02T04:04:18.955Z  INFO 1419190 --- [facturation] [           main] j.LocalContainerEntityManagerFactoryBean : Initialized JPA EntityManagerFactory for persistence unit 'default'
2026-10-02T04:04:19.145Z  INFO 1419190 --- [facturation] [           main] o.s.d.j.r.query.QueryEnhancerFactories   : Hibernate is in classpath; If applicable, HQL parser will be used.
2026-10-02T04:04:19.861Z  WARN 1419190 --- [facturation] [           main] JpaBaseConfiguration$JpaWebConfiguration : spring.jpa.open-in-view is enabled by default. Therefore, database queries may be performed during view rendering. Explicitly configure spring.jpa.open-in-view to disable this warning
2026-10-02T04:04:20.025Z TRACE 1419190 --- [facturation] [           main] eGlobalAuthenticationAutowiredConfigurer : Eagerly initializing {webSecurityConfig=sn.oas.facturation.security.WebSecurityConfig$$SpringCGLIB$$0@5a89762c}
2026-10-02T04:04:20.034Z  INFO 1419190 --- [facturation] [           main] r$InitializeUserDetailsManagerConfigurer : Global AuthenticationManager configured with UserDetailsService bean with name customUserDetailsService
2026-10-02T04:04:21.989Z DEBUG 1419190 --- [facturation] [           main] o.s.s.web.DefaultSecurityFilterChain     : Will secure any request with filters: DisableEncodeUrlFilter, WebAsyncManagerIntegrationFilter, SecurityContextHolderFilter, HeaderWriterFilter, CorsFilter, LogoutFilter, AuthTokenFilter, RequestCacheAwareFilter, SecurityContextHolderAwareRequestFilter, AnonymousAuthenticationFilter, SessionManagementFilter, ExceptionTranslationFilter, AuthorizationFilter
2026-10-02T04:04:22.113Z  WARN 1419190 --- [facturation] [           main] s.w.s.m.m.a.RequestMappingHandlerMapping : Multiple @RequestMapping annotations found on public org.springframework.http.ResponseEntity sn.oas.facturation.features.marketplace.controller.MarketplaceController.validerDemande(java.lang.Long), but only the first will be used: [@org.springframework.web.bind.annotation.PutMapping(consumes={}, headers={}, name="", params={}, path={"/{id}/valider"}, produces={}, value={"/{id}/valider"}, version=""), @org.springframework.web.bind.annotation.PatchMapping(consumes={}, headers={}, name="", params={}, path={"/demandes/{id}/accepter"}, produces={}, value={"/demandes/{id}/accepter"}, version="")]
2026-10-02T04:04:23.142Z  INFO 1419190 --- [facturation] [           main] o.s.b.a.e.web.EndpointLinksResolver      : Exposing 1 endpoint beneath base path '/actuator'
2026-10-02T04:04:23.229Z  INFO 1419190 --- [facturation] [           main] o.s.m.s.b.SimpleBrokerMessageHandler     : Starting...
2026-10-02T04:04:23.230Z  INFO 1419190 --- [facturation] [           main] o.s.m.s.b.SimpleBrokerMessageHandler     : BrokerAvailabilityEvent[available=true, SimpleBrokerMessageHandler [org.springframework.messaging.simp.broker.DefaultSubscriptionRegistry@1267947f]]
2026-10-02T04:04:23.232Z  INFO 1419190 --- [facturation] [           main] o.s.m.s.b.SimpleBrokerMessageHandler     : Started.
2026-10-02T04:04:23.249Z  INFO 1419190 --- [facturation] [           main] s.o.f.FacturationApplicationTests        : Started FacturationApplicationTests in 8.686 seconds (process running for 9.467)
2026-10-02T04:04:23.351Z  INFO 1419190 --- [facturation] [           main] sn.oas.facturation.seed.DemoDataSeeder   : === Vérification des données de démonstration ===
Hibernate: select count(*) from garages g1_0
Hibernate: select g1_0.id,g1_0.archived,g1_0.created_at,g1_0.email,g1_0.localite,g1_0.nom,g1_0.numero_fixe,g1_0.numero_whatsapp,g1_0.prefixe,g1_0.updated_at from garages g1_0
Hibernate: select u1_0.id,u1_0.type,u1_0.created_at,u1_0.email,u1_0.enabled,u1_0.first_name,u1_0.last_name,u1_0.matricule,u1_0.password,u1_0.phone,u1_0.type,u1_0.updated_at,u1_0.username,u1_1.adresse,u1_2.adresse,u1_2.garage_id,u1_2.specialite,u1_3.garage_id,u1_3.role from users u1_0 left join clients u1_1 on u1_0.id=u1_1.id left join techniciens u1_2 on u1_0.id=u1_2.id left join agents u1_3 on u1_0.id=u1_3.id where u1_0.username=? fetch first ? rows only
Hibernate: select u1_0.id,u1_0.type,u1_0.created_at,u1_0.email,u1_0.enabled,u1_0.first_name,u1_0.last_name,u1_0.matricule,u1_0.password,u1_0.phone,u1_0.type,u1_0.updated_at,u1_0.username,u1_1.adresse,u1_2.adresse,u1_2.garage_id,u1_2.specialite,u1_3.garage_id,u1_3.role from users u1_0 left join clients u1_1 on u1_0.id=u1_1.id left join techniciens u1_2 on u1_0.id=u1_2.id left join agents u1_3 on u1_0.id=u1_3.id
Hibernate: select g1_0.id,g1_0.archived,g1_0.created_at,g1_0.email,g1_0.localite,g1_0.nom,g1_0.numero_fixe,g1_0.numero_whatsapp,g1_0.prefixe,g1_0.updated_at from garages g1_0 where g1_0.id=?
Hibernate: select g1_0.id,g1_0.archived,g1_0.created_at,g1_0.email,g1_0.localite,g1_0.nom,g1_0.numero_fixe,g1_0.numero_whatsapp,g1_0.prefixe,g1_0.updated_at from garages g1_0 where g1_0.id=?
Hibernate: select u1_0.id,u1_0.type,u1_0.created_at,u1_0.email,u1_0.enabled,u1_0.first_name,u1_0.last_name,u1_0.matricule,u1_0.password,u1_0.phone,u1_0.type,u1_0.updated_at,u1_0.username,u1_1.adresse,u1_2.adresse,u1_2.garage_id,u1_2.specialite,u1_3.garage_id,u1_3.role from users u1_0 left join clients u1_1 on u1_0.id=u1_1.id left join techniciens u1_2 on u1_0.id=u1_2.id left join agents u1_3 on u1_0.id=u1_3.id where u1_0.username=? fetch first ? rows only
Hibernate: select u1_0.id,u1_0.type,u1_0.created_at,u1_0.email,u1_0.enabled,u1_0.first_name,u1_0.last_name,u1_0.matricule,u1_0.password,u1_0.phone,u1_0.type,u1_0.updated_at,u1_0.username,u1_1.adresse,u1_2.adresse,u1_2.garage_id,u1_2.specialite,u1_3.garage_id,u1_3.role from users u1_0 left join clients u1_1 on u1_0.id=u1_1.id left join techniciens u1_2 on u1_0.id=u1_2.id left join agents u1_3 on u1_0.id=u1_3.id
Hibernate: select g1_0.id,g1_0.archived,g1_0.created_at,g1_0.email,g1_0.localite,g1_0.nom,g1_0.numero_fixe,g1_0.numero_whatsapp,g1_0.prefixe,g1_0.updated_at from garages g1_0 where g1_0.id=?
Hibernate: select g1_0.id,g1_0.archived,g1_0.created_at,g1_0.email,g1_0.localite,g1_0.nom,g1_0.numero_fixe,g1_0.numero_whatsapp,g1_0.prefixe,g1_0.updated_at from garages g1_0 where g1_0.id=?
Hibernate: select u1_0.id,u1_0.type,u1_0.created_at,u1_0.email,u1_0.enabled,u1_0.first_name,u1_0.last_name,u1_0.matricule,u1_0.password,u1_0.phone,u1_0.type,u1_0.updated_at,u1_0.username,u1_1.adresse,u1_2.adresse,u1_2.garage_id,u1_2.specialite,u1_3.garage_id,u1_3.role from users u1_0 left join clients u1_1 on u1_0.id=u1_1.id left join techniciens u1_2 on u1_0.id=u1_2.id left join agents u1_3 on u1_0.id=u1_3.id where u1_0.username=? fetch first ? rows only
Hibernate: select u1_0.id,u1_0.type,u1_0.created_at,u1_0.email,u1_0.enabled,u1_0.first_name,u1_0.last_name,u1_0.matricule,u1_0.password,u1_0.phone,u1_0.type,u1_0.updated_at,u1_0.username,u1_1.adresse,u1_2.adresse,u1_2.garage_id,u1_2.specialite,u1_3.garage_id,u1_3.role from users u1_0 left join clients u1_1 on u1_0.id=u1_1.id left join techniciens u1_2 on u1_0.id=u1_2.id left join agents u1_3 on u1_0.id=u1_3.id
Hibernate: select g1_0.id,g1_0.archived,g1_0.created_at,g1_0.email,g1_0.localite,g1_0.nom,g1_0.numero_fixe,g1_0.numero_whatsapp,g1_0.prefixe,g1_0.updated_at from garages g1_0 where g1_0.id=?
Hibernate: select g1_0.id,g1_0.archived,g1_0.created_at,g1_0.email,g1_0.localite,g1_0.nom,g1_0.numero_fixe,g1_0.numero_whatsapp,g1_0.prefixe,g1_0.updated_at from garages g1_0 where g1_0.id=?
Hibernate: select u1_0.id,u1_0.type,u1_0.created_at,u1_0.email,u1_0.enabled,u1_0.first_name,u1_0.last_name,u1_0.matricule,u1_0.password,u1_0.phone,u1_0.type,u1_0.updated_at,u1_0.username,u1_1.adresse,u1_2.adresse,u1_2.garage_id,u1_2.specialite,u1_3.garage_id,u1_3.role from users u1_0 left join clients u1_1 on u1_0.id=u1_1.id left join techniciens u1_2 on u1_0.id=u1_2.id left join agents u1_3 on u1_0.id=u1_3.id where u1_0.username=? fetch first ? rows only
Hibernate: select u1_0.id,u1_0.type,u1_0.created_at,u1_0.email,u1_0.enabled,u1_0.first_name,u1_0.last_name,u1_0.matricule,u1_0.password,u1_0.phone,u1_0.type,u1_0.updated_at,u1_0.username,u1_1.adresse,u1_2.adresse,u1_2.garage_id,u1_2.specialite,u1_3.garage_id,u1_3.role from users u1_0 left join clients u1_1 on u1_0.id=u1_1.id left join techniciens u1_2 on u1_0.id=u1_2.id left join agents u1_3 on u1_0.id=u1_3.id
Hibernate: select g1_0.id,g1_0.archived,g1_0.created_at,g1_0.email,g1_0.localite,g1_0.nom,g1_0.numero_fixe,g1_0.numero_whatsapp,g1_0.prefixe,g1_0.updated_at from garages g1_0 where g1_0.id=?
Hibernate: select g1_0.id,g1_0.archived,g1_0.created_at,g1_0.email,g1_0.localite,g1_0.nom,g1_0.numero_fixe,g1_0.numero_whatsapp,g1_0.prefixe,g1_0.updated_at from garages g1_0 where g1_0.id=?
Hibernate: select u1_0.id,u1_0.type,u1_0.created_at,u1_0.email,u1_0.enabled,u1_0.first_name,u1_0.last_name,u1_0.matricule,u1_0.password,u1_0.phone,u1_0.type,u1_0.updated_at,u1_0.username,u1_1.adresse,u1_2.adresse,u1_2.garage_id,u1_2.specialite,u1_3.garage_id,u1_3.role from users u1_0 left join clients u1_1 on u1_0.id=u1_1.id left join techniciens u1_2 on u1_0.id=u1_2.id left join agents u1_3 on u1_0.id=u1_3.id where u1_0.username=? fetch first ? rows only
Hibernate: select u1_0.id,u1_0.type,u1_0.created_at,u1_0.email,u1_0.enabled,u1_0.first_name,u1_0.last_name,u1_0.matricule,u1_0.password,u1_0.phone,u1_0.type,u1_0.updated_at,u1_0.username,u1_1.adresse,u1_2.adresse,u1_2.garage_id,u1_2.specialite,u1_3.garage_id,u1_3.role from users u1_0 left join clients u1_1 on u1_0.id=u1_1.id left join techniciens u1_2 on u1_0.id=u1_2.id left join agents u1_3 on u1_0.id=u1_3.id
Hibernate: select g1_0.id,g1_0.archived,g1_0.created_at,g1_0.email,g1_0.localite,g1_0.nom,g1_0.numero_fixe,g1_0.numero_whatsapp,g1_0.prefixe,g1_0.updated_at from garages g1_0 where g1_0.id=?
Hibernate: select g1_0.id,g1_0.archived,g1_0.created_at,g1_0.email,g1_0.localite,g1_0.nom,g1_0.numero_fixe,g1_0.numero_whatsapp,g1_0.prefixe,g1_0.updated_at from garages g1_0 where g1_0.id=?
Hibernate: select u1_0.id,u1_0.type,u1_0.created_at,u1_0.email,u1_0.enabled,u1_0.first_name,u1_0.last_name,u1_0.matricule,u1_0.password,u1_0.phone,u1_0.type,u1_0.updated_at,u1_0.username,u1_1.adresse,u1_2.adresse,u1_2.garage_id,u1_2.specialite,u1_3.garage_id,u1_3.role from users u1_0 left join clients u1_1 on u1_0.id=u1_1.id left join techniciens u1_2 on u1_0.id=u1_2.id left join agents u1_3 on u1_0.id=u1_3.id where u1_0.username=?
Hibernate: select u1_0.id,u1_0.type,u1_0.created_at,u1_0.email,u1_0.enabled,u1_0.first_name,u1_0.last_name,u1_0.matricule,u1_0.password,u1_0.phone,u1_0.type,u1_0.updated_at,u1_0.username,u1_1.adresse,u1_2.adresse,u1_2.garage_id,u1_2.specialite,u1_3.garage_id,u1_3.role from users u1_0 left join clients u1_1 on u1_0.id=u1_1.id left join techniciens u1_2 on u1_0.id=u1_2.id left join agents u1_3 on u1_0.id=u1_3.id where u1_0.username=?
Hibernate: select u1_0.id,u1_0.type,u1_0.created_at,u1_0.email,u1_0.enabled,u1_0.first_name,u1_0.last_name,u1_0.matricule,u1_0.password,u1_0.phone,u1_0.type,u1_0.updated_at,u1_0.username,u1_1.adresse,u1_2.adresse,u1_2.garage_id,u1_2.specialite,u1_3.garage_id,u1_3.role from users u1_0 left join clients u1_1 on u1_0.id=u1_1.id left join techniciens u1_2 on u1_0.id=u1_2.id left join agents u1_3 on u1_0.id=u1_3.id where u1_0.username=?
Hibernate: select u1_0.id,u1_0.type,u1_0.created_at,u1_0.email,u1_0.enabled,u1_0.first_name,u1_0.last_name,u1_0.matricule,u1_0.password,u1_0.phone,u1_0.type,u1_0.updated_at,u1_0.username,u1_1.adresse,u1_2.adresse,u1_2.garage_id,u1_2.specialite,u1_3.garage_id,u1_3.role from users u1_0 left join clients u1_1 on u1_0.id=u1_1.id left join techniciens u1_2 on u1_0.id=u1_2.id left join agents u1_3 on u1_0.id=u1_3.id where u1_0.username=?
Hibernate: select u1_0.id,u1_0.type,u1_0.created_at,u1_0.email,u1_0.enabled,u1_0.first_name,u1_0.last_name,u1_0.matricule,u1_0.password,u1_0.phone,u1_0.type,u1_0.updated_at,u1_0.username,u1_1.adresse,u1_2.adresse,u1_2.garage_id,u1_2.specialite,u1_3.garage_id,u1_3.role from users u1_0 left join clients u1_1 on u1_0.id=u1_1.id left join techniciens u1_2 on u1_0.id=u1_2.id left join agents u1_3 on u1_0.id=u1_3.id where u1_0.username=?
Hibernate: select u1_0.id,u1_0.type,u1_0.created_at,u1_0.email,u1_0.enabled,u1_0.first_name,u1_0.last_name,u1_0.matricule,u1_0.password,u1_0.phone,u1_0.type,u1_0.updated_at,u1_0.username,u1_1.adresse,u1_2.adresse,u1_2.garage_id,u1_2.specialite,u1_3.garage_id,u1_3.role from users u1_0 left join clients u1_1 on u1_0.id=u1_1.id left join techniciens u1_2 on u1_0.id=u1_2.id left join agents u1_3 on u1_0.id=u1_3.id where u1_0.username=?
Hibernate: select v1_0.id,v1_0.annee,v1_0.archive_par_client,v1_0.client_id,v1_0.created_at,v1_0.immatriculation,v1_0.kilometrage,v1_0.marque,v1_0.modele,v1_0.numero_chassis,v1_0.updated_at from vehicules v1_0 where v1_0.immatriculation=?
Hibernate: select v1_0.id,v1_0.annee,v1_0.archive_par_client,v1_0.client_id,v1_0.created_at,v1_0.immatriculation,v1_0.kilometrage,v1_0.marque,v1_0.modele,v1_0.numero_chassis,v1_0.updated_at from vehicules v1_0 where v1_0.immatriculation=?
Hibernate: select v1_0.id,v1_0.annee,v1_0.archive_par_client,v1_0.client_id,v1_0.created_at,v1_0.immatriculation,v1_0.kilometrage,v1_0.marque,v1_0.modele,v1_0.numero_chassis,v1_0.updated_at from vehicules v1_0 where v1_0.immatriculation=?
Hibernate: select v1_0.id,v1_0.annee,v1_0.archive_par_client,v1_0.client_id,v1_0.created_at,v1_0.immatriculation,v1_0.kilometrage,v1_0.marque,v1_0.modele,v1_0.numero_chassis,v1_0.updated_at from vehicules v1_0 where v1_0.immatriculation=?
Hibernate: select v1_0.id,v1_0.annee,v1_0.archive_par_client,v1_0.client_id,v1_0.created_at,v1_0.immatriculation,v1_0.kilometrage,v1_0.marque,v1_0.modele,v1_0.numero_chassis,v1_0.updated_at from vehicules v1_0 where v1_0.immatriculation=?
Hibernate: select v1_0.id,v1_0.annee,v1_0.archive_par_client,v1_0.client_id,v1_0.created_at,v1_0.immatriculation,v1_0.kilometrage,v1_0.marque,v1_0.modele,v1_0.numero_chassis,v1_0.updated_at from vehicules v1_0 where v1_0.immatriculation=?
Hibernate: select v1_0.id,v1_0.annee,v1_0.archive_par_client,v1_0.client_id,v1_0.created_at,v1_0.immatriculation,v1_0.kilometrage,v1_0.marque,v1_0.modele,v1_0.numero_chassis,v1_0.updated_at from vehicules v1_0 where v1_0.immatriculation=?
Hibernate: select v1_0.id,v1_0.annee,v1_0.archive_par_client,v1_0.client_id,v1_0.created_at,v1_0.immatriculation,v1_0.kilometrage,v1_0.marque,v1_0.modele,v1_0.numero_chassis,v1_0.updated_at from vehicules v1_0 where v1_0.immatriculation=?
Hibernate: select v1_0.id,v1_0.annee,v1_0.archive_par_client,v1_0.client_id,v1_0.created_at,v1_0.immatriculation,v1_0.kilometrage,v1_0.marque,v1_0.modele,v1_0.numero_chassis,v1_0.updated_at from vehicules v1_0 where v1_0.immatriculation=?
Hibernate: select u1_0.id,u1_0.type,u1_0.created_at,u1_0.email,u1_0.enabled,u1_0.first_name,u1_0.last_name,u1_0.matricule,u1_0.password,u1_0.phone,u1_0.type,u1_0.updated_at,u1_0.username,u1_1.adresse,u1_2.adresse,u1_2.garage_id,u1_2.specialite,u1_3.garage_id,u1_3.role from users u1_0 left join clients u1_1 on u1_0.id=u1_1.id left join techniciens u1_2 on u1_0.id=u1_2.id left join agents u1_3 on u1_0.id=u1_3.id where u1_0.username=?
Hibernate: select g1_0.id,g1_0.archived,g1_0.created_at,g1_0.email,g1_0.localite,g1_0.nom,g1_0.numero_fixe,g1_0.numero_whatsapp,g1_0.prefixe,g1_0.updated_at from garages g1_0 where g1_0.id=?
Hibernate: select u1_0.id,u1_0.type,u1_0.created_at,u1_0.email,u1_0.enabled,u1_0.first_name,u1_0.last_name,u1_0.matricule,u1_0.password,u1_0.phone,u1_0.type,u1_0.updated_at,u1_0.username,u1_1.adresse,u1_2.adresse,u1_2.garage_id,u1_2.specialite,u1_3.garage_id,u1_3.role from users u1_0 left join clients u1_1 on u1_0.id=u1_1.id left join techniciens u1_2 on u1_0.id=u1_2.id left join agents u1_3 on u1_0.id=u1_3.id where u1_0.username=?
Hibernate: select g1_0.id,g1_0.archived,g1_0.created_at,g1_0.email,g1_0.localite,g1_0.nom,g1_0.numero_fixe,g1_0.numero_whatsapp,g1_0.prefixe,g1_0.updated_at from garages g1_0 where g1_0.id=?
Hibernate: select u1_0.id,u1_0.type,u1_0.created_at,u1_0.email,u1_0.enabled,u1_0.first_name,u1_0.last_name,u1_0.matricule,u1_0.password,u1_0.phone,u1_0.type,u1_0.updated_at,u1_0.username,u1_1.adresse,u1_2.adresse,u1_2.garage_id,u1_2.specialite,u1_3.garage_id,u1_3.role from users u1_0 left join clients u1_1 on u1_0.id=u1_1.id left join techniciens u1_2 on u1_0.id=u1_2.id left join agents u1_3 on u1_0.id=u1_3.id where u1_0.username=?
Hibernate: select g1_0.id,g1_0.archived,g1_0.created_at,g1_0.email,g1_0.localite,g1_0.nom,g1_0.numero_fixe,g1_0.numero_whatsapp,g1_0.prefixe,g1_0.updated_at from garages g1_0 where g1_0.id=?
Hibernate: select u1_0.id,u1_0.type,u1_0.created_at,u1_0.email,u1_0.enabled,u1_0.first_name,u1_0.last_name,u1_0.matricule,u1_0.password,u1_0.phone,u1_0.type,u1_0.updated_at,u1_0.username,u1_1.adresse,u1_2.adresse,u1_2.garage_id,u1_2.specialite,u1_3.garage_id,u1_3.role from users u1_0 left join clients u1_1 on u1_0.id=u1_1.id left join techniciens u1_2 on u1_0.id=u1_2.id left join agents u1_3 on u1_0.id=u1_3.id where u1_0.username=?
Hibernate: select g1_0.id,g1_0.archived,g1_0.created_at,g1_0.email,g1_0.localite,g1_0.nom,g1_0.numero_fixe,g1_0.numero_whatsapp,g1_0.prefixe,g1_0.updated_at from garages g1_0 where g1_0.id=?
Hibernate: select u1_0.id,u1_0.type,u1_0.created_at,u1_0.email,u1_0.enabled,u1_0.first_name,u1_0.last_name,u1_0.matricule,u1_0.password,u1_0.phone,u1_0.type,u1_0.updated_at,u1_0.username,u1_1.adresse,u1_2.adresse,u1_2.garage_id,u1_2.specialite,u1_3.garage_id,u1_3.role from users u1_0 left join clients u1_1 on u1_0.id=u1_1.id left join techniciens u1_2 on u1_0.id=u1_2.id left join agents u1_3 on u1_0.id=u1_3.id where u1_0.username=?
Hibernate: select g1_0.id,g1_0.archived,g1_0.created_at,g1_0.email,g1_0.localite,g1_0.nom,g1_0.numero_fixe,g1_0.numero_whatsapp,g1_0.prefixe,g1_0.updated_at from garages g1_0 where g1_0.id=?
Hibernate: select count(*) from rendez_vous rv1_0
Hibernate: select rv1_0.id,rv1_0.client_id,rv1_0.commentaire,rv1_0.date_creation,rv1_0.date_rendez_vous,rv1_0.fiche_atelier_id,rv1_0.garage_id,rv1_0.motif,rv1_0.numero,rv1_0.statut,rv1_0.vehicule_id from rendez_vous rv1_0
Hibernate: select count(*) from fiches_atelier fa1_0
Hibernate: select count(*) from messages m1_0
2026-10-02T04:04:23.688Z  INFO 1419190 --- [facturation] [           main] sn.oas.facturation.seed.DemoDataSeeder   : === Données de démonstration prêtes (mot de passe commun : passer) ===
2026-10-02T04:04:23.691Z  INFO 1419190 --- [facturation] [           main] sn.oas.facturation.seed.FullDataSeeder   : === Les entités OAS sont déjà seedées (3 dépôts détectés) ===
Hibernate: select count(*) from blog_posts bp1_0
2026-10-02T04:04:23.696Z  WARN 1419190 --- [facturation] [           main] o.s.core.events.SpringDocAppInitializer  : SpringDoc /v3/api-docs endpoint is enabled by default. To disable it in production, set the property 'springdoc.api-docs.enabled=false'
2026-10-02T04:04:23.696Z  WARN 1419190 --- [facturation] [           main] o.s.core.events.SpringDocAppInitializer  : SpringDoc /swagger-ui.html endpoint is enabled by default. To disable it in production, set the property 'springdoc.swagger-ui.enabled=false'
Mockito is currently self-attaching to enable the inline-mock-maker. This will no longer work in future releases of the JDK. Please add Mockito as an agent to your build as described in Mockito's documentation: https://javadoc.io/doc/org.mockito/mockito-core/latest/org.mockito/org/mockito/Mockito.html#0.3
OpenJDK 64-Bit Server VM warning: Sharing is only supported for boot loader classes because bootstrap classpath has been appended
WARNING: A Java agent has been loaded dynamically (/home/ashlka/.m2/repository/net/bytebuddy/byte-buddy-agent/1.17.8/byte-buddy-agent-1.17.8.jar)
WARNING: If a serviceability tool is in use, please run with -XX:+EnableDynamicAgentLoading to hide this warning
WARNING: If a serviceability tool is not in use, please run with -Djdk.instrument.traceUsage for more information
WARNING: Dynamic loading of agents will be disallowed by default in a future release
====== INPSECTING DATABASE STATE ======
PIECE: id=1, ref=NA-TOY-001, qte_reelle=16.0, magasin=14.0, atelier=2.0
PIECE: id=2, ref=NA-BRK-002, qte_reelle=9.0, magasin=8.0, atelier=1.0
PIECE: id=3, ref=NA-KIA-003, qte_reelle=5.0, magasin=4.0, atelier=1.0
PIECE: id=4, ref=NA-KIA-004, qte_reelle=3.0, magasin=3.0, atelier=0.0
PIECE: id=5, ref=NA-FLT-005, qte_reelle=30.0, magasin=25.0, atelier=5.0
PIECE: id=6, ref=NA-OIL-006, qte_reelle=36.0, magasin=30.0, atelier=6.0
PIECE: id=7, ref=NA-FLT-007, qte_reelle=14.0, magasin=12.0, atelier=2.0
PIECE: id=8, ref=NA-BAT-008, qte_reelle=8.0, magasin=7.0, atelier=1.0
PIECE: id=9, ref=NA-SUS-009, qte_reelle=6.0, magasin=6.0, atelier=0.0
PIECE: id=10, ref=NA-GROS-010, qte_reelle=5.0, magasin=5.0, atelier=0.0
PIECE: id=11, ref=NA-SRV-011, qte_reelle=2.0, magasin=2.0, atelier=0.0
PIECE: id=12, ref=NA-PNEU-012, qte_reelle=14.0, magasin=12.0, atelier=2.0
MVT: type=SORTIE_ATELIER_VALIDEE, qte=2.0, magasin_avant=16.0, magasin_apres=14.0, motif=Pose plaquettes sur Toyota Corolla DK-4471-CD, date=2026-09-06 22:21:21.799221
MVT: type=SORTIE_MAGASIN_VERS_ATELIER, qte=4.0, magasin_avant=20.0, magasin_apres=16.0, motif=Transfert atelier pour fiche atelier F-01, date=2026-09-02 22:21:21.799221
MVT: type=ENTREE, qte=20.0, magasin_avant=0.0, magasin_apres=20.0, motif=Réception commande fournisseur CFAO, date=2026-08-23 22:21:21.799221
[ERROR] Tests run: 2, Failures: 0, Errors: 1, Skipped: 0, Time elapsed: 9.783 s <<< FAILURE! -- in sn.oas.facturation.FacturationApplicationTests
[ERROR] sn.oas.facturation.FacturationApplicationTests.testReceptionAndUpdateStock -- Time elapsed: 0.311 s <<< ERROR!
org.springframework.dao.EmptyResultDataAccessException: Incorrect result size: expected 1, actual 0
	at org.springframework.dao.support.DataAccessUtils.nullableSingleResult(DataAccessUtils.java:198)
	at org.springframework.jdbc.core.JdbcTemplate.queryForObject(JdbcTemplate.java:894)
	at org.springframework.jdbc.core.JdbcTemplate.queryForObject(JdbcTemplate.java:912)
	at sn.oas.facturation.FacturationApplicationTests.testReceptionAndUpdateStock(FacturationApplicationTests.java:102)

[INFO] 
[INFO] Results:
[INFO] 
[ERROR] Errors: 
[ERROR]   FacturationApplicationTests.testReceptionAndUpdateStock:102 » EmptyResultDataAccess Incorrect result size: expected 1, actual 0
[INFO] 
[ERROR] Tests run: 2, Failures: 0, Errors: 1, Skipped: 0
[INFO] 
[INFO] ------------------------------------------------------------------------
[INFO] BUILD FAILURE
[INFO] ------------------------------------------------------------------------
[INFO] Total time:  11.743 s
[INFO] Finished at: 2026-10-02T04:04:24Z
[INFO] ------------------------------------------------------------------------
[ERROR] Failed to execute goal org.apache.maven.plugins:maven-surefire-plugin:3.5.5:test (default-test) on project facturation: 
[ERROR] 
[ERROR] See /home/ashlka/Projet/oas/oas-back/target/surefire-reports for the individual test results.
[ERROR] See dump files (if any exist) [date].dump, [date]-jvmRun[N].dump and [date].dumpstream.
[ERROR] -> [Help 1]
[ERROR] 
[ERROR] To see the full stack trace of the errors, re-run Maven with the -e switch.
[ERROR] Re-run Maven using the -X switch to enable full debug logging.
[ERROR] 
[ERROR] For more information about the errors and possible solutions, please read the following articles:
[ERROR] [Help 1] http://cwiki.apache.org/confluence/display/MAVEN/MojoFailureException
